port 0x0: 0x0
port 0x11: 0x1
port 0x22: 0x2
port 0x23: 0x0
port 0x4: 0x4
port 0x77: 0x1
port 0x78: 0x0
port 0x11: 0x2
port 0x22: 0x3
port 0x23: 0x0
port 0x8: 0x5
port 0x77: 0x2
port 0x78: 0x0
port 0x9: 0x3
port 0xa: 0x0
